// Vitest Snapshot v1, https://vitest.dev/guide/snapshot.html

exports[`ProductCard > debe de mostrar el component con el nombre del producto 1`] = `
<DocumentFragment>
  <div
    class="_productCard_133f98 undefined"
  >
    <h1>
      Product Card
    </h1>
  </div>
</DocumentFragment>
`;
